{
  "version": "1.5.0",
  "plugins_used": [
    {
      "name": "ArtifactoryDetector"
    },
    {
      "name": "AWSKeyDetector"
    },
    {
      "name": "AzureStorageKeyDetector"
    },
    {
      "name": "Base64HighEntropyString",
      "limit": 4.5
    },
    {
      "name": "BasicAuthDetector"
    },
    {
      "name": "CloudantDetector"
    },
    {
      "name": "DiscordBotTokenDetector"
    },
    {
      "name": "GitHubTokenDetector"
    },
    {
      "name": "GitLabTokenDetector"
    },
    {
      "name": "HexHighEntropyString",
      "limit": 3.0
    },
    {
      "name": "IbmCloudIamDetector"
    },
    {
      "name": "IbmCosHmacDetector"
    },
    {
      "name": "IPPublicDetector"
    },
    {
      "name": "JwtTokenDetector"
    },
    {
      "name": "KeywordDetector",
      "keyword_exclude": ""
    },
    {
      "name": "MailchimpDetector"
    },
    {
      "name": "NpmDetector"
    },
    {
      "name": "OpenAIDetector"
    },
    {
      "name": "PrivateKeyDetector"
    },
    {
      "name": "PypiTokenDetector"
    },
    {
      "name": "SendGridDetector"
    },
    {
      "name": "SlackDetector"
    },
    {
      "name": "SoftlayerDetector"
    },
    {
      "name": "SquareOAuthDetector"
    },
    {
      "name": "StripeDetector"
    },
    {
      "name": "TelegramBotTokenDetector"
    },
    {
      "name": "TwilioKeyDetector"
    }
  ],
  "filters_used": [
    {
      "path": "detect_secrets.filters.allowlist.is_line_allowlisted"
    },
    {
      "path": "detect_secrets.filters.common.is_baseline_file",
      "filename": ".secrets.baseline"
    },
    {
      "path": "detect_secrets.filters.common.is_ignored_due_to_verification_policies",
      "min_level": 2
    },
    {
      "path": "detect_secrets.filters.heuristic.is_indirect_reference"
    },
    {
      "path": "detect_secrets.filters.heuristic.is_likely_id_string"
    },
    {
      "path": "detect_secrets.filters.heuristic.is_lock_file"
    },
    {
      "path": "detect_secrets.filters.heuristic.is_not_alphanumeric_string"
    },
    {
      "path": "detect_secrets.filters.heuristic.is_potential_uuid"
    },
    {
      "path": "detect_secrets.filters.heuristic.is_prefixed_with_dollar_sign"
    },
    {
      "path": "detect_secrets.filters.heuristic.is_sequential_string"
    },
    {
      "path": "detect_secrets.filters.heuristic.is_swagger_file"
    },
    {
      "path": "detect_secrets.filters.heuristic.is_templated_secret"
    }
  ],
  "results": {
    "README.md": [
      {
        "type": "Secret Keyword",
        "filename": "README.md",
        "hashed_secret": "1decb1495dfba4875510d2d927e6d23379d5374d",
        "is_verified": false,
        "line_number": 317,
        "is_secret": false
      }
    ],
    "inventory/group_vars/all/secrets.yml.example": [
      {
        "type": "Secret Keyword",
        "filename": "inventory/group_vars/all/secrets.yml.example",
        "hashed_secret": "1decb1495dfba4875510d2d927e6d23379d5374d",
        "is_verified": false,
        "line_number": 20,
        "is_secret": false
      },
      {
        "type": "Secret Keyword",
        "filename": "inventory/group_vars/all/secrets.yml.example",
        "hashed_secret": "ccd12b794a119379b2685eaf31636b2199cb827d",
        "is_verified": false,
        "line_number": 51,
        "is_secret": false
      },
      {
        "type": "Private Key",
        "filename": "inventory/group_vars/all/secrets.yml.example",
        "hashed_secret": "1348b145fa1a555461c1b790a2f66614781091e9",
        "is_verified": false,
        "line_number": 96,
        "is_secret": false
      },
      {
        "type": "Secret Keyword",
        "filename": "inventory/group_vars/all/secrets.yml.example",
        "hashed_secret": "5baa61e4c9b93f3f0682250b6cf8331b7ee68fd8",
        "is_verified": false,
        "line_number": 309,
        "is_secret": false
      },
      {
        "type": "Secret Keyword",
        "filename": "inventory/group_vars/all/secrets.yml.example",
        "hashed_secret": "4fd8c54f587f0cb68342170ce269867322bb12ad",
        "is_verified": false,
        "line_number": 321,
        "is_secret": false
      },
      {
        "type": "Secret Keyword",
        "filename": "inventory/group_vars/all/secrets.yml.example",
        "hashed_secret": "ffe28dee2d4a94f0e704f54130869ba4c4cf5866",
        "is_verified": false,
        "line_number": 336,
        "is_secret": false
      },
      {
        "type": "Secret Keyword",
        "filename": "inventory/group_vars/all/secrets.yml.example",
        "hashed_secret": "4d1d82eba58334f154a7d4a2db53e721e3c7ff5a",
        "is_verified": false,
        "line_number": 339,
        "is_secret": false
      },
      {
        "type": "Secret Keyword",
        "filename": "inventory/group_vars/all/secrets.yml.example",
        "hashed_secret": "f9fc849e3f020e1ccad6e265065894cae2469bf2",
        "is_verified": false,
        "line_number": 340,
        "is_secret": false
      },
      {
        "type": "Secret Keyword",
        "filename": "inventory/group_vars/all/secrets.yml.example",
        "hashed_secret": "bbe8e84650fbb3bf7da01b588a15b028dc2e65fc",
        "is_verified": false,
        "line_number": 341,
        "is_secret": false
      }
    ],
    "playbooks/ops/bootstrap.yml": [
      {
        "type": "Secret Keyword",
        "filename": "playbooks/ops/bootstrap.yml",
        "hashed_secret": "6b42874e3cd20771d93096ec5ce36307a1f2ba14",
        "is_verified": false,
        "line_number": 122,
        "is_secret": false
      }
    ],
    "roles/L2_compliance/general/tasks/user_hardening/create_users.yml": [
      {
        "type": "Secret Keyword",
        "filename": "roles/L2_compliance/general/tasks/user_hardening/create_users.yml",
        "hashed_secret": "c9c4e10b777bc09081ea06239dbf7554bfda45d6",
        "is_verified": false,
        "line_number": 19,
        "is_secret": false
      }
    ],
    "roles/L3_observability/general/templates/observability-stack.env.example.j2": [
      {
        "type": "Secret Keyword",
        "filename": "roles/L3_observability/general/templates/observability-stack.env.example.j2",
        "hashed_secret": "bb66747581d20f44471efd52646c11fb94c068fe",
        "is_verified": false,
        "line_number": 5,
        "is_secret": false
      }
    ],
    "roles/L3_observability/templates/observability-stack.env.example.j2": [
      {
        "type": "Secret Keyword",
        "filename": "roles/L3_observability/templates/observability-stack.env.example.j2",
        "hashed_secret": "bb66747581d20f44471efd52646c11fb94c068fe",
        "is_verified": false,
        "line_number": 5,
        "is_secret": false
      }
    ],
    "roles/L6_runtime/backup-db/vars/main.yml": [
      {
        "type": "Hex High Entropy String",
        "filename": "roles/L6_runtime/backup-db/vars/main.yml",
        "hashed_secret": "6d9d1d6e548c4d249757b54c12570046e76aaf02",
        "is_verified": false,
        "line_number": 4,
        "is_secret": false
      },
      {
        "type": "Hex High Entropy String",
        "filename": "roles/L6_runtime/backup-db/vars/main.yml",
        "hashed_secret": "cd88f0e02357f8e23580656963794069d0c62c4f",
        "is_verified": false,
        "line_number": 5,
        "is_secret": false
      }
    ],
    "roles/L6_runtime/backup/defaults/main.yml": [
      {
        "type": "Hex High Entropy String",
        "filename": "roles/L6_runtime/backup/defaults/main.yml",
        "hashed_secret": "3c8c2a7e806b6c129c907feba17c95de6aa039fa",
        "is_verified": false,
        "line_number": 9,
        "is_secret": false
      },
      {
        "type": "Hex High Entropy String",
        "filename": "roles/L6_runtime/backup/defaults/main.yml",
        "hashed_secret": "936d63c0ee24b30f41fa61c502eca8356598dc05",
        "is_verified": false,
        "line_number": 9,
        "is_secret": false
      }
    ]
  },
  "generated_at": "2026-07-27T22:33:50Z"
}
